node.exe : [33mThe CJS 
build of Vite's Node API is 
deprecated. See https://vite
.dev/guide/troubleshooting.h
tml#vite-cjs-node-api-deprec
ated for more details.[39m
At C:\node-v20.18.0-win-x64\
npx.ps1:16 char:5
+     & "$basedir/node$exe" 
 "$basedir/node_modules/npm/
bin/npx-cli.js" ...
+     ~~~~~~~~~~~~~~~~~~~~~~
~~~~~~~~~~~~~~~~~~~~~~~~~~~~
~~~~~~~~~~~~~~~
    + CategoryInfo          
    : NotSpecified: ([33m  
  The CJS bu...e details.   
 [39m:String) [], Remot    
eException
    + FullyQualifiedErrorId 
    : NativeCommandError
 

[1m[46m RUN [49m[22m [36mv4.0.18 [39m[90mC:/Users/HP/OneDrive/Desktop/final feelup/FeelUp-main/FeelUp-main[39m

[31mΓÄ»ΓÄ»ΓÄ»ΓÄ»ΓÄ»ΓÄ»[39m
[1m[41m Unhandled Errors 
[49m[22m[31mΓÄ»ΓÄ»ΓÄ»ΓÄ»ΓÄ
»ΓÄ»[39m
[31m[1m
Vitest caught 2 unhandled 
errors during the test run.
This might cause false 
positive tests. Resolve 
unhandled errors to make 
sure your tests are not 
affected.[22m[39m

[31mΓÄ»ΓÄ»ΓÄ»ΓÄ»ΓÄ»ΓÄ»[39m
[1m[41m Unhandled Error [
49m[22m[31mΓÄ»ΓÄ»ΓÄ»ΓÄ»ΓÄ»
ΓÄ»ΓÄ»[39m
[31m[1mError[22m: 
[vitest-pool]: Failed to 
start forks worker for test 
files C:/Users/HP/OneDrive/D
esktop/final feelup/FeelUp-m
ain/FeelUp-main/__tests__/co
mponents/StreakDisplay.test.
tsx.[39m
[90m [2mΓ¥»[22m ../../../
final%20feelup/FeelUp-main/F
eelUp-main/node_modules/vite
st/dist/chunks/cli-api.B7PN_
QUv.js:[2m8046:94[22m[39m
[90m [2mΓ¥»[22m 
processTicksAndRejections no
de:internal/process/task_que
ues:[2m95:5[22m[39m
[90m [2mΓ¥»[22m 
Pool.schedule ../../../final
%20feelup/FeelUp-main/FeelUp
-main/node_modules/vitest/di
st/chunks/cli-api.B7PN_QUv.j
s:[2m8046:5[22m[39m

[31m[1mCaused by: 
Error[22m: require() of ES 
Module C:\Users\HP\OneDrive\
Desktop\final feelup\FeelUp-
main\FeelUp-main\node_module
s\@csstools\css-calc\dist\in
dex.mjs not supported.
Instead change the require 
of C:\Users\HP\OneDrive\Desk
top\final feelup\FeelUp-main
\FeelUp-main\node_modules\@c
sstools\css-calc\dist\index.
mjs to a dynamic import() 
which is available in all 
CommonJS modules.[39m
[90m [2mΓ¥»[22m 
Object.<anonymous> node_modu
les/@asamuzakjp/css-color/di
st/cjs/index.cjs:[2m30:24[
22m[39m

[31m[2mΓÄ»ΓÄ»ΓÄ»ΓÄ»ΓÄ»ΓÄ»Γ
Ä»ΓÄ»ΓÄ»ΓÄ»ΓÄ»ΓÄ»ΓÄ»ΓÄ»ΓÄ»ΓÄ
»ΓÄ»ΓÄ»ΓÄ»ΓÄ»ΓÄ»ΓÄ»ΓÄ»ΓÄ»ΓÄ»
ΓÄ»ΓÄ»ΓÄ»ΓÄ»ΓÄ»[22m[39m
[31m[1mSerialized 
Error:[22m[39m [90m{ 
code: 'ERR_REQUIRE_ESM' 
}[39m

[31mΓÄ»ΓÄ»ΓÄ»ΓÄ»ΓÄ»ΓÄ»[39m
[1m[41m Unhandled Error [
49m[22m[31mΓÄ»ΓÄ»ΓÄ»ΓÄ»ΓÄ»
ΓÄ»ΓÄ»[39m
[31m[1mError[22m: 
[vitest-pool]: Failed to 
start forks worker for test 
files C:/Users/HP/OneDrive/D
esktop/final feelup/FeelUp-m
ain/FeelUp-main/feelup-worke
r/test/index.spec.js.[39m
[90m [2mΓ¥»[22m ../../../
final%20feelup/FeelUp-main/F
eelUp-main/node_modules/vite
st/dist/chunks/cli-api.B7PN_
QUv.js:[2m8046:94[22m[39m
[90m [2mΓ¥»[22m 
processTicksAndRejections no
de:internal/process/task_que
ues:[2m95:5[22m[39m
[90m [2mΓ¥»[22m 
Pool.schedule ../../../final
%20feelup/FeelUp-main/FeelUp
-main/node_modules/vitest/di
st/chunks/cli-api.B7PN_QUv.j
s:[2m8046:5[22m[39m

[31m[1mCaused by: 
Error[22m: require() of ES 
Module C:\Users\HP\OneDrive\
Desktop\final feelup\FeelUp-
main\FeelUp-main\node_module
s\@csstools\css-calc\dist\in
dex.mjs not supported.
Instead change the require 
of C:\Users\HP\OneDrive\Desk
top\final feelup\FeelUp-main
\FeelUp-main\node_modules\@c
sstools\css-calc\dist\index.
mjs to a dynamic import() 
which is available in all 
CommonJS modules.[39m
[90m [2mΓ¥»[22m 
Object.<anonymous> node_modu
les/@asamuzakjp/css-color/di
st/cjs/index.cjs:[2m30:24[
22m[39m

[31m[2mΓÄ»ΓÄ»ΓÄ»ΓÄ»ΓÄ»ΓÄ»Γ
Ä»ΓÄ»ΓÄ»ΓÄ»ΓÄ»ΓÄ»ΓÄ»ΓÄ»ΓÄ»ΓÄ
»ΓÄ»ΓÄ»ΓÄ»ΓÄ»ΓÄ»ΓÄ»ΓÄ»ΓÄ»ΓÄ»
ΓÄ»ΓÄ»ΓÄ»ΓÄ»ΓÄ»[22m[39m
[31m[1mSerialized 
Error:[22m[39m [90m{ 
code: 'ERR_REQUIRE_ESM' 
}[39m
[31mΓÄ»ΓÄ»ΓÄ»ΓÄ»ΓÄ»ΓÄ»ΓÄ»ΓÄ
»ΓÄ»ΓÄ»ΓÄ»ΓÄ»ΓÄ»ΓÄ»ΓÄ»ΓÄ»ΓÄ»
ΓÄ»ΓÄ»ΓÄ»ΓÄ»ΓÄ»ΓÄ»ΓÄ»ΓÄ»ΓÄ»Γ
Ä»ΓÄ»ΓÄ»ΓÄ»[39m


[2m Test Files [22m [2mno tests[22m
[2m      Tests [22m [2mno tests[22m
[2m     Errors [22m [1m[31m2 errors[39m[22m
[2m   Start at [22m 23:32:29
[2m   Duration [22m 357ms[2m (transform 0ms, setup 0ms, import 0ms, tests 0ms, environment 0ms)[22m

